// Jest Snapshot v1, https://goo.gl/fbAQLP

exports[`Deck renders correctly 1`] = `
<DocumentFragment>
  <h6>
    Нет колоды
  </h6>
</DocumentFragment>
`;
