// Jest Snapshot v1, https://goo.gl/fbAQLP

exports[`Hand renders correctly 1`] = `
<DocumentFragment>
  .emotion-0 {
  display: -webkit-box;
  display: -webkit-flex;
  display: -ms-flexbox;
  display: flex;
}

<div
    class="emotion-0"
  />
</DocumentFragment>
`;
