// Jest Snapshot v1, https://goo.gl/fbAQLP

exports[`### Header renders correctly 1`] = `
<DocumentFragment>
  .emotion-0 {
  background-color: #3a3a3a;
  padding-top: 10px;
  padding-bottom: 10px;
}

.emotion-1 {
  max-width: 1000px;
  width: 100%;
  margin-left: auto;
  margin-right: auto;
  display: -webkit-box;
  display: -webkit-flex;
  display: -ms-flexbox;
  display: flex;
  -webkit-align-items: center;
  -webkit-box-align: center;
  -ms-flex-align: center;
  align-items: center;
  -webkit-box-pack: justify;
  -webkit-justify-content: space-between;
  justify-content: space-between;
}

.emotion-2 {
  font-size: 18px;
  color: #fff;
}

.emotion-3 {
  border-radius: 6px;
  width: 100%;
  max-width: 180px;
  height: 36px;
  padding-left: 10px;
  padding-right: 10px;
  font-size: 16px;
  background-color: #fff;
  color: #3a3a3a;
  font-size: 18px;
}

.emotion-3:hover,
.emotion-3:focus {
  border-color: #303030;
}

.emotion-3.size-s {
  height: 36px;
  padding-left: 10px;
  padding-right: 10px;
  font-size: 16px;
}

.emotion-3.size-m {
  height: 48px;
  padding-left: 10px;
  padding-right: 10px;
  font-size: 18px;
}

.emotion-3.size-l {
  height: 60px;
  padding-left: 16px;
  padding-right: 16px;
  font-size: 20px;
}

<div
    class="emotion-0"
  >
    <div
      class="emotion-1"
    >
      <div
        class="emotion-2"
      >
        Test
      </div>
      <button
        class="emotion-3"
      >
        Новая игра
      </button>
    </div>
  </div>
</DocumentFragment>
`;
