// Jest Snapshot v1, https://goo.gl/fbAQLP

exports[`### Form Form renders correctly 1`] = `
<DocumentFragment>
  .emotion-0 {
  display: block;
  margin-top: 20px;
  max-width: 360px;
  width: 100%;
  display: -webkit-box;
  display: -webkit-flex;
  display: -ms-flexbox;
  display: flex;
  -webkit-flex-direction: column;
  -ms-flex-direction: column;
  flex-direction: column;
  -webkit-align-items: center;
  -webkit-box-align: center;
  -ms-flex-align: center;
  align-items: center;
}

.emotion-1 {
  display: block;
  width: 100%;
  margin-bottom: 16px;
}

.emotion-2 {
  -webkit-transition: border-color 0.2s ease-in-out;
  transition: border-color 0.2s ease-in-out;
  width: 100%;
  height: 36px;
  border-radius: 4px;
  border: 1px solid #3a3a3a;
  padding-left: 10px;
  padding-right: 10px;
  background-color: #fff;
}

.emotion-2:hover,
.emotion-2:focus {
  border-color: #9d9d9d;
}

.emotion-5 {
  display: block;
  width: 100%;
}

.emotion-7 {
  border-radius: 6px;
  width: 100%;
  max-width: 210px;
  height: 60px;
  padding-left: 16px;
  padding-right: 16px;
  font-size: 20px;
  background-color: #3a3a3a;
  color: #fff;
  margin-top: 20px;
}

.emotion-7:hover,
.emotion-7:focus {
  border-color: #303030;
}

.emotion-7.size-s {
  height: 36px;
  padding-left: 10px;
  padding-right: 10px;
  font-size: 16px;
}

.emotion-7.size-m {
  height: 48px;
  padding-left: 10px;
  padding-right: 10px;
  font-size: 18px;
}

.emotion-7.size-l {
  height: 60px;
  padding-left: 16px;
  padding-right: 16px;
  font-size: 20px;
}

<form
    class="emotion-0"
    novalidate=""
  >
    <label
      class="emotion-1"
    >
      <input
        class="emotion-2"
        name="name"
        placeholder="Имя"
        required=""
      />
    </label>
    <label
      class="emotion-1"
    >
      <input
        class="emotion-2"
        name="email"
        placeholder="Email"
        required=""
        type="email"
      />
    </label>
    <label
      class="emotion-5"
    >
      <input
        class="emotion-2"
        name="birthday"
        placeholder="День рождения"
        required=""
        type="text"
      />
    </label>
    <button
      class="emotion-7"
      data-testid="action-in-games"
      type="submit"
    >
      В игру
    </button>
  </form>
</DocumentFragment>
`;
