// Jest Snapshot v1, https://goo.gl/fbAQLP

exports[`### Container Container renders correctly 1`] = `
<DocumentFragment>
  .emotion-0 {
  max-width: 1000px;
  width: 100%;
  margin-left: auto;
  margin-right: auto;
}

<div
    class="emotion-0"
  />
</DocumentFragment>
`;
