// Jest Snapshot v1, https://goo.gl/fbAQLP

exports[`### FieldWrap FieldWrap renders correctly 1`] = `
<DocumentFragment>
  .emotion-0 {
  display: block;
  width: 100%;
}

<label
    class="emotion-0"
  />
</DocumentFragment>
`;
