// Jest Snapshot v1, https://goo.gl/fbAQLP

exports[`### Field Field renders correctly 1`] = `
<DocumentFragment>
  .emotion-0 {
  -webkit-transition: border-color 0.2s ease-in-out;
  transition: border-color 0.2s ease-in-out;
  width: 100%;
  height: 36px;
  border-radius: 4px;
  border: 1px solid #3a3a3a;
  padding-left: 10px;
  padding-right: 10px;
  background-color: #fff;
}

.emotion-0:hover,
.emotion-0:focus {
  border-color: #9d9d9d;
}

<input
    class="emotion-0"
  />
</DocumentFragment>
`;
